// Jest Snapshot v1, https://goo.gl/fbAQLP

exports[`handle function integration tests sendmail Basic functions simple sendmail call 1`] = `
{
  "from": "contact@holusion.com",
  "replyTo": "j.dupont@lafrance.fr",
  "template": {
    "data": {
      "comments": "Bonjour, le monde. Je suis Jean Dupont!",
      "email": "j.dupont@lafrance.fr",
      "fname": "Jean",
      "lname": "Dupont",
    },
    "name": "contact",
  },
  "to": [
    "contact@holusion.com",
  ],
}
`;
